[22:13:27] Run dir   : /mnt/personal_workspace/chenkeyu/ReMark/Forensic-Remark_Module/runs/stage1_20260308_2213
[22:13:27] Device    : cuda:0  |  world_size: 4
[22:13:27] Train: 10000 samples  Val: 2156 samples  (39 steps/epoch/GPU)
[22:13:31] Online attack loaded: stargan
[22:13:31] lr=4.00e-05  (base 1.00e-05 × 4 GPUs)
[22:13:31] VAE: 53.0M params
[22:21:03] Epoch 000 | train: loss=2.5383  l1=0.4523  kl=1.2658  lpips=0.7333  bce=0.2013 | val: loss=7.6880  acc=0.5001  l1=0.4343  kl=1.5040  bce=0.7254
[22:21:04] Sample → samples/epoch_000.png
[22:22:08] Epoch 001 | train: loss=2.3340  l1=0.4362  kl=0.2129  lpips=0.6885  bce=0.1818 | val: loss=7.6387  acc=0.4947  l1=0.4240  kl=0.0606  bce=0.7212
[22:22:09] Sample → samples/epoch_001.png
[22:22:57] Epoch 002 | train: loss=2.2943  l1=0.4313  kl=0.0342  lpips=0.6534  bce=0.1794 | val: loss=7.6195  acc=0.4961  l1=0.4237  kl=0.0245  bce=0.7193
[22:22:58] Sample → samples/epoch_002.png
[22:23:47] Epoch 003 | train: loss=2.2841  l1=0.4300  kl=0.0168  lpips=0.6296  bce=0.1789 | val: loss=7.5608  acc=0.5028  l1=0.4245  kl=0.0126  bce=0.7134
[22:23:48] Sample → samples/epoch_003.png
[22:24:45] Epoch 004 | train: loss=2.2776  l1=0.4297  kl=0.0088  lpips=0.6032  bce=0.1786 | val: loss=7.4869  acc=0.5028  l1=0.4217  kl=0.0072  bce=0.7064
[22:24:46] Sample → samples/epoch_004.png
[22:25:35] Epoch 005 | train: loss=2.2548  l1=0.4284  kl=0.0026  lpips=0.5768  bce=0.1768 | val: loss=7.4231  acc=0.5012  l1=0.4205  kl=0.0005  bce=0.7002
[22:25:35] Sample → samples/epoch_005.png
[22:26:29] Epoch 006 | train: loss=2.2468  l1=0.4271  kl=0.0003  lpips=0.5561  bce=0.1764 | val: loss=7.5258  acc=0.5008  l1=0.4194  kl=0.0002  bce=0.7106
[22:26:30] Sample → samples/epoch_006.png
[22:27:20] Epoch 007 | train: loss=2.2408  l1=0.4246  kl=0.0002  lpips=0.5436  bce=0.1762 | val: loss=7.4090  acc=0.4960  l1=0.4187  kl=0.0001  bce=0.6990
[22:27:21] Sample → samples/epoch_007.png
[22:28:09] Epoch 008 | train: loss=2.2378  l1=0.4240  kl=0.0002  lpips=0.5333  bce=0.1760 | val: loss=7.4491  acc=0.4996  l1=0.4177  kl=0.0002  bce=0.7031
[22:28:10] Sample → samples/epoch_008.png
[22:29:03] Epoch 009 | train: loss=2.2350  l1=0.4247  kl=0.0004  lpips=0.5298  bce=0.1757 | val: loss=7.4107  acc=0.5021  l1=0.4184  kl=0.0001  bce=0.6992
[22:29:04] Sample → samples/epoch_009.png
[22:29:53] Epoch 010 | train: loss=2.2306  l1=0.4226  kl=0.0003  lpips=0.5189  bce=0.1756 | val: loss=7.4085  acc=0.4984  l1=0.4174  kl=0.0001  bce=0.6991
[22:29:54] Sample → samples/epoch_010.png
[22:30:52] Epoch 011 | train: loss=2.2232  l1=0.4225  kl=0.0001  lpips=0.5112  bce=0.1750 | val: loss=7.4247  acc=0.4993  l1=0.4165  kl=0.0000  bce=0.7008
[22:30:53] Sample → samples/epoch_011.png
[22:31:46] Epoch 012 | train: loss=2.2259  l1=0.4227  kl=0.0002  lpips=0.5095  bce=0.1752 | val: loss=7.4088  acc=0.4994  l1=0.4174  kl=0.0001  bce=0.6991
[22:31:46] Sample → samples/epoch_012.png
[22:32:35] Epoch 013 | train: loss=2.2263  l1=0.4233  kl=0.0002  lpips=0.5055  bce=0.1752 | val: loss=7.3912  acc=0.4970  l1=0.4170  kl=0.0000  bce=0.6974
[22:32:35] Sample → samples/epoch_013.png
[22:33:24] Epoch 014 | train: loss=2.2248  l1=0.4228  kl=0.0001  lpips=0.5043  bce=0.1752 | val: loss=7.3753  acc=0.4984  l1=0.4157  kl=0.0000  bce=0.6960
[22:33:25] Sample → samples/epoch_014.png
[22:34:14] Epoch 015 | train: loss=2.2308  l1=0.4223  kl=0.0002  lpips=0.5024  bce=0.1758 | val: loss=7.4309  acc=0.5001  l1=0.4172  kl=0.0000  bce=0.7014
[22:34:16] Sample → samples/epoch_015.png
[22:35:05] Epoch 016 | train: loss=2.2215  l1=0.4230  kl=0.0002  lpips=0.5022  bce=0.1748 | val: loss=7.4430  acc=0.4975  l1=0.4169  kl=0.0000  bce=0.7026
[22:35:07] Sample → samples/epoch_016.png
[22:35:58] Epoch 017 | train: loss=2.2227  l1=0.4229  kl=0.0001  lpips=0.5020  bce=0.1750 | val: loss=7.3838  acc=0.5000  l1=0.4163  kl=0.0000  bce=0.6967
[22:36:00] Sample → samples/epoch_017.png
[22:36:49] Epoch 018 | train: loss=2.2163  l1=0.4217  kl=0.0000  lpips=0.4975  bce=0.1745 | val: loss=7.4060  acc=0.5007  l1=0.4165  kl=0.0000  bce=0.6990
[22:36:51] Sample → samples/epoch_018.png
[22:37:40] Epoch 019 | train: loss=2.2187  l1=0.4215  kl=0.0000  lpips=0.4981  bce=0.1747 | val: loss=7.3975  acc=0.4986  l1=0.4170  kl=0.0000  bce=0.6980
[22:37:41] Sample → samples/epoch_019.png
[22:38:29] Epoch 020 | train: loss=2.2181  l1=0.4222  kl=0.0002  lpips=0.4975  bce=0.1746 | val: loss=7.4111  acc=0.5002  l1=0.4171  kl=0.0001  bce=0.6994
[22:38:30] Sample → samples/epoch_020.png
[22:39:26] Epoch 021 | train: loss=2.2188  l1=0.4226  kl=0.0002  lpips=0.4950  bce=0.1747 | val: loss=7.3926  acc=0.5009  l1=0.4165  kl=0.0000  bce=0.6976
[22:39:27] Sample → samples/epoch_021.png
[22:40:18] Epoch 022 | train: loss=2.2203  l1=0.4228  kl=0.0000  lpips=0.4958  bce=0.1748 | val: loss=7.4564  acc=0.4981  l1=0.4170  kl=0.0000  bce=0.7039
[22:40:19] Sample → samples/epoch_022.png
[22:41:09] Epoch 023 | train: loss=2.2198  l1=0.4234  kl=0.0000  lpips=0.4969  bce=0.1747 | val: loss=7.3889  acc=0.5001  l1=0.4164  kl=0.0000  bce=0.6972
[22:41:10] Sample → samples/epoch_023.png
[22:41:59] Epoch 024 | train: loss=2.2155  l1=0.4217  kl=0.0000  lpips=0.4918  bce=0.1745 | val: loss=7.3806  acc=0.4989  l1=0.4157  kl=0.0000  bce=0.6965
[22:42:00] Sample → samples/epoch_024.png
[22:42:48] Epoch 025 | train: loss=2.2156  l1=0.4226  kl=0.0000  lpips=0.4909  bce=0.1744 | val: loss=7.4021  acc=0.4980  l1=0.4159  kl=0.0000  bce=0.6986
[22:42:49] Sample → samples/epoch_025.png
[22:43:39] Epoch 026 | train: loss=2.2207  l1=0.4232  kl=0.0000  lpips=0.4918  bce=0.1748 | val: loss=7.3741  acc=0.5002  l1=0.4157  kl=0.0000  bce=0.6958
[22:43:40] Sample → samples/epoch_026.png
[22:44:29] Epoch 027 | train: loss=2.2164  l1=0.4217  kl=0.0000  lpips=0.4900  bce=0.1746 | val: loss=7.3762  acc=0.4994  l1=0.4166  kl=0.0000  bce=0.6960
[22:44:30] Sample → samples/epoch_027.png
[22:45:18] Epoch 028 | train: loss=2.2177  l1=0.4227  kl=0.0001  lpips=0.4895  bce=0.1746 | val: loss=7.3723  acc=0.5005  l1=0.4165  kl=0.0000  bce=0.6956
[22:45:19] Sample → samples/epoch_028.png
[22:46:13] Epoch 029 | train: loss=2.2181  l1=0.4227  kl=0.0000  lpips=0.4893  bce=0.1746 | val: loss=7.3853  acc=0.4982  l1=0.4164  kl=0.0000  bce=0.6969
[22:46:15] Sample → samples/epoch_029.png
[22:47:05] Epoch 030 | train: loss=2.2128  l1=0.4209  kl=0.0000  lpips=0.4874  bce=0.1743 | val: loss=7.3858  acc=0.4996  l1=0.4158  kl=0.0000  bce=0.6970
[22:47:06] Sample → samples/epoch_030.png
[22:48:01] Epoch 031 | train: loss=2.2140  l1=0.4217  kl=0.0000  lpips=0.4885  bce=0.1743 | val: loss=7.3836  acc=0.5005  l1=0.4164  kl=0.0000  bce=0.6967
[22:48:02] Sample → samples/epoch_031.png
[22:48:53] Epoch 032 | train: loss=2.2159  l1=0.4222  kl=0.0000  lpips=0.4880  bce=0.1745 | val: loss=7.3878  acc=0.4980  l1=0.4167  kl=0.0000  bce=0.6971
[22:48:54] Sample → samples/epoch_032.png
