[21:15:31] Device: cuda
[21:15:31] Config: configs/stage1_vae.yaml  Override: configs/experiments/quick_test.yaml
[21:15:31] Train: 50 samples, Val: 20 samples
[21:15:43] Online attack loaded: stargan
[21:15:43] VAE parameters: 13.3M
[21:15:51] [Train] Epoch 000  loss=1.3582  l1=0.5159  kl=1.3401  bce=0.8423
[21:15:52] [Val]   Epoch 000  loss=1.1376  acc=0.4938
[21:15:55] Checkpoint saved: /mnt/personal_workspace/chenkeyu/ReMark/Forensic-Remark_Module/checkpoints/quick_test/best.pth
[21:15:56] Sample saved: /mnt/personal_workspace/chenkeyu/ReMark/Forensic-Remark_Module/samples/quick_test/epoch_000.png
[21:15:59] Checkpoint saved: /mnt/personal_workspace/chenkeyu/ReMark/Forensic-Remark_Module/checkpoints/quick_test/last.pth
[21:16:01] Checkpoint saved: /mnt/personal_workspace/chenkeyu/ReMark/Forensic-Remark_Module/checkpoints/quick_test/epoch_000.pth
[21:16:04] [Train] Epoch 001  loss=1.2237  l1=0.4850  kl=0.4790  bce=0.7339
[21:16:04] [Val]   Epoch 001  loss=1.1479  acc=0.5055
[21:16:07] Checkpoint saved: /mnt/personal_workspace/chenkeyu/ReMark/Forensic-Remark_Module/checkpoints/quick_test/best.pth
[21:16:07] Sample saved: /mnt/personal_workspace/chenkeyu/ReMark/Forensic-Remark_Module/samples/quick_test/epoch_001.png
[21:16:09] Checkpoint saved: /mnt/personal_workspace/chenkeyu/ReMark/Forensic-Remark_Module/checkpoints/quick_test/last.pth
[21:16:11] Checkpoint saved: /mnt/personal_workspace/chenkeyu/ReMark/Forensic-Remark_Module/checkpoints/quick_test/epoch_001.pth
[21:16:13] [Train] Epoch 002  loss=1.1972  l1=0.4763  kl=0.3653  bce=0.7173
[21:16:14] [Val]   Epoch 002  loss=1.1049  acc=0.4977
[21:16:14] Sample saved: /mnt/personal_workspace/chenkeyu/ReMark/Forensic-Remark_Module/samples/quick_test/epoch_002.png
[21:16:17] Checkpoint saved: /mnt/personal_workspace/chenkeyu/ReMark/Forensic-Remark_Module/checkpoints/quick_test/last.pth
[21:16:19] Checkpoint saved: /mnt/personal_workspace/chenkeyu/ReMark/Forensic-Remark_Module/checkpoints/quick_test/epoch_002.pth
[21:16:19] Training complete.
